---
source: src/compiler/lexer.rs
expression: "Lexer :: new(0, r\"位 ba 位\").collect :: < Vec < _ >> ()"
---
[
    Err(
        Spand {
            data: InvalidChar(
                '位',
            ),
            span: SpanData { file_id: 0, start: 0, end: 2 },
        },
    ),
    Ok(
        Spand {
            data: Ident(
                "ba",
            ),
            span: SpanData { file_id: 0, start: 3, end: 5 },
        },
    ),
    Err(
        Spand {
            data: InvalidChar(
                '位',
            ),
            span: SpanData { file_id: 0, start: 6, end: 8 },
        },
    ),
]
