---
source: src/compiler/lexer.rs
expression: "Lexer :: new(0, r#\"\"foo\\n\"#).next()"
---
Some(
    Err(
        Spand {
            data: UnterminatedString,
            span: SpanData { file_id: 0, lo: 0, hi: 6 },
        },
    ),
)
