---
source: src/compiler/lexer.rs
expression: "Lexer :: new(0, \"Type\").next()"
---
Some(
    Ok(
        Spand {
            data: Ident(
                "Type",
            ),
            span: SpanData { file_id: 0, lo: 0, hi: 4 },
        },
    ),
)
