---
source: src/compiler/lexer.rs
expression: "Lexer :: new(0, \"-a\").collect :: < Vec < _ >> ()"
---
[
    Ok(
        Spand {
            data: Operator(
                "-",
            ),
            span: SpanData { file_id: 0, lo: 0, hi: 1 },
        },
    ),
    Ok(
        Spand {
            data: Ident(
                "a",
            ),
            span: SpanData { file_id: 0, lo: 1, hi: 2 },
        },
    ),
]
