---
source: src/compiler/parser.rs
expression: "create_parser(\"-a\").parse_expr()"
---
Ok(
    Expr {
        kind: Prefix {
            op: Ident {
                ident: "-",
                span: SpanData { file_id: 0, start: 0, end: 1 },
            },
            expr: Expr {
                kind: Path(
                    Path {
                        segments: [
                            Ident {
                                ident: "a",
                                span: SpanData { file_id: 0, start: 1, end: 2 },
                            },
                        ],
                        ..
                    },
                ),
                span: SpanData { file_id: 0, start: 1, end: 2 },
                ty: (),
            },
        },
        span: SpanData { file_id: 0, start: 0, end: 2 },
        ty: (),
    },
)
