---
source: src/compiler/parser.rs
expression: "create_parser(r#\"\"foo\"\"#).parse_expr()"
---
Ok(
    Expr {
        kind: String(
            "foo",
        ),
        span: SpanData { file_id: 0, start: 0, end: 5 },
        ty: (),
    },
)
