---
source: src/compiler/lexer.rs
expression: "Lexer :: new(0, r\"'λ'\").next()"
---
Some(
    Err(
        Spand {
            data: InvalidChar(
                'λ',
            ),
            span: SpanData { file_id: 0, lo: 0, hi: 3 },
        },
    ),
)
