---
source: src/compiler/parser.rs
expression: "create_parser(r#\"\"ba3\\\"\"\"#).parse_expr()"
---
Ok(
    Expr {
        kind: String(
            "ba3\"",
        ),
        span: SpanData { file_id: 0, lo: 0, hi: 7 },
        ty: (),
    },
)
