---
source: src/compiler/lexer.rs
expression: "Lexer :: new(0, \"infix\").next()"
---
Some(
    Ok(
        Spand {
            data: KwInfix,
            span: SpanData { file_id: 0, lo: 0, hi: 5 },
        },
    ),
)
