---
source: src/compiler/lexer.rs
expression: "Lexer :: new(0, r#\"\"ba3\\\"\"\"#).next()"
---
Some(
    Ok(
        Spand {
            data: String(
                "ba3\"",
            ),
            span: SpanData { file_id: 0, lo: 0, hi: 7 },
        },
    ),
)
