---
source: src/compiler/lexer.rs
expression: "Lexer :: new(0, \"_i\").next()"
---
Some(
    Ok(
        Spand {
            data: Ident(
                "_i",
            ),
            span: SpanData { file_id: 0, start: 0, end: 2 },
        },
    ),
)
