---
source: src/compiler/lexer.rs
expression: "Lexer :: new(0, r\"'a'\").next()"
---
Some(
    Ok(
        Spand {
            data: Char(
                97,
            ),
            span: SpanData { file_id: 0, start: 0, end: 3 },
        },
    ),
)
