---
source: src/compiler/lexer.rs
expression: "Lexer :: new(0, \"()\").collect :: < Vec < _ >> ()"
---
[
    Ok(
        Spand {
            data: LParen,
            span: SpanData { file_id: 0, lo: 0, hi: 1 },
        },
    ),
    Ok(
        Spand {
            data: RParen,
            span: SpanData { file_id: 0, lo: 1, hi: 2 },
        },
    ),
]
