---
source: src/compiler/lexer.rs
expression: "Lexer :: new(0, \"_\").next()"
---
Some(
    Ok(
        Spand {
            data: Underscore,
            span: SpanData { file_id: 0, lo: 0, hi: 1 },
        },
    ),
)
