---
source: src/compiler/lexer.rs
expression: "Lexer :: new(0, \"module\").next()"
---
Some(
    Ok(
        Spand {
            data: KwModule,
            span: SpanData { file_id: 0, start: 0, end: 6 },
        },
    ),
)
