---
source: src/compiler/lexer.rs
expression: "Lexer :: new(0, r\"'\\z'\").next()"
---
Some(
    Err(
        Spand {
            data: UnrecognizedEscape(
                'z',
            ),
            span: SpanData { file_id: 0, lo: 0, hi: 4 },
        },
    ),
)
