---
source: src/compiler/parser.rs
expression: "create_parser(\"12\").parse_expr()"
---
Ok(
    Expr {
        kind: Int(
            12,
        ),
        span: SpanData { file_id: 0, lo: 0, hi: 2 },
        ty: (),
    },
)
