---
source: src/compiler/lexer.rs
expression: "Lexer :: new(0, \"emodule\").next()"
---
Some(
    Ok(
        Spand {
            data: Ident(
                "emodule",
            ),
            span: SpanData { file_id: 0, start: 0, end: 7 },
        },
    ),
)
