---
source: src/compiler/lexer.rs
expression: "Lexer :: new(0, r#\"\"foo\"\"#).next()"
---
Some(
    Ok(
        Spand {
            data: String(
                "foo",
            ),
            span: SpanData { file_id: 0, lo: 0, hi: 5 },
        },
    ),
)
