---
source: src/compiler/parser.rs
expression: "create_parser(\"self\").parse_expr()"
---
Ok(
    Expr {
        kind: Path(
            Path {
                segments: [
                    Ident {
                        ident: "self",
                        span: SpanData { file_id: 0, start: 0, end: 4 },
                    },
                ],
            },
        ),
        span: SpanData { file_id: 0, start: 0, end: 4 },
        ty: (),
    },
)
