---
source: src/compiler/lexer.rs
expression: "Lexer :: new(0, \"char\").next()"
---
Some(
    Ok(
        Spand {
            data: KwChar,
            span: SpanData { file_id: 0, lo: 0, hi: 4 },
        },
    ),
)
