---
source: src/compiler/lexer.rs
expression: "Lexer :: new(0, \"with\").next()"
---
Some(
    Ok(
        Spand {
            data: KwWith,
            span: SpanData { file_id: 0, lo: 0, hi: 4 },
        },
    ),
)
