---
source: src/compiler/parser.rs
expression: "create_parser(\"()\").parse_expr()"
---
Ok(
    Expr {
        kind: Tuple(
            [],
        ),
        span: SpanData { file_id: 0, lo: 0, hi: 2 },
        ty: (),
    },
)
