---
source: src/compiler/lexer.rs
expression: "Lexer :: new(0, r\"\\(a,b) -> a + b\").collect :: < Vec < _ >> ()"
---
[
    Ok(
        Spand {
            data: Backslash,
            span: SpanData { file_id: 0, lo: 0, hi: 1 },
        },
    ),
    Ok(
        Spand {
            data: LParen,
            span: SpanData { file_id: 0, lo: 1, hi: 2 },
        },
    ),
    Ok(
        Spand {
            data: Ident(
                "a",
            ),
            span: SpanData { file_id: 0, lo: 2, hi: 3 },
        },
    ),
    Ok(
        Spand {
            data: Comma,
            span: SpanData { file_id: 0, lo: 3, hi: 4 },
        },
    ),
    Ok(
        Spand {
            data: Ident(
                "b",
            ),
            span: SpanData { file_id: 0, lo: 4, hi: 5 },
        },
    ),
    Ok(
        Spand {
            data: RParen,
            span: SpanData { file_id: 0, lo: 5, hi: 6 },
        },
    ),
    Ok(
        Spand {
            data: Arrow,
            span: SpanData { file_id: 0, lo: 7, hi: 9 },
        },
    ),
    Ok(
        Spand {
            data: Ident(
                "a",
            ),
            span: SpanData { file_id: 0, lo: 10, hi: 11 },
        },
    ),
    Ok(
        Spand {
            data: Operator(
                "+",
            ),
            span: SpanData { file_id: 0, lo: 12, hi: 13 },
        },
    ),
    Ok(
        Spand {
            data: Ident(
                "b",
            ),
            span: SpanData { file_id: 0, lo: 14, hi: 15 },
        },
    ),
]
